// Jest Snapshot v1, https://goo.gl/fbAQLP

exports[`Sign up component renders 1`] = `
<div
  className="sign-up-container"
>
  <div
    className="sign-up-wrapper"
  >
    <div
      className="sign-up-heading"
    >
      <h1>
        Sign up to our newsletter
      </h1>
      <p>
        Join our mailing list and you'll be the first to hear about our latest updates, news, and special offers.
      </p>
    </div>
    <div
      className="sign-up-form-wrapper"
    >
      <form
        arial-label="Sign up form"
        noValidate={true}
        onSubmit={[Function]}
      >
        <div
          className="form-group"
        >
          <label
            htmlFor="name"
          >
            Name *
          </label>
          <input
            aria-invalid="false"
            aria-label="name"
            id="name"
            name="name"
            onBlur={[Function]}
            onChange={[Function]}
            placeholder="Name"
            type="text"
          />
        </div>
        <div
          className="form-group"
        >
          <label
            htmlFor="email"
          >
            Email *
          </label>
          <input
            aria-invalid="false"
            aria-label="email"
            id="email"
            name="email"
            onBlur={[Function]}
            onChange={[Function]}
            placeholder="Email"
            type="email"
          />
        </div>
        <div
          className="form-group"
        >
          <label
            htmlFor="dob"
          >
            Date of Birth *
          </label>
          <input
            aria-invalid="false"
            aria-label="date of birth"
            id="dob"
            name="dob"
            onBlur={[Function]}
            onChange={[Function]}
            placeholder="Date of Birth"
            type="date"
          />
        </div>
        <div
          className="form-group"
        >
          <label
            htmlFor="email"
          >
            Select your favourite color:
          </label>
          <input
            aria-label="favorite colour"
            className="color-picker"
            id="favoriteColour"
            name="favoriteColour"
            onBlur={[Function]}
            onChange={[Function]}
            placeholder="Favorite Colour"
            type="color"
          />
        </div>
        <div
          className="form-group"
        >
          <label
            data-testid="salary-value-display"
            htmlFor="email"
          >
            Salary: Â£ 
            0
          </label>
          <input
            aria-label="salary"
            data-testid="salary-range-input"
            id="salary"
            max="250000"
            min="0"
            name="salary"
            onBlur={[Function]}
            onChange={[Function]}
            placeholder="Salary"
            step="1000"
            type="range"
            value={0}
          />
        </div>
        <button
          className="button-primary"
          data-testid="signup-submit-button"
        >
          Submit
        </button>
      </form>
    </div>
  </div>
</div>
`;
