// Jest Snapshot v1, https://goo.gl/fbAQLP

exports[`renders 1`] = `
<button
  aria-label="Download"
  className="button-primary"
  onClick={[Function]}
>
  Download
</button>
`;
